Traceback (most recent call last):
  File "C:\Users\planeacion\miniconda3\envs\ml_venv\lib\site-packages\jupyter_cache\executors\utils.py", line 58, in single_nb_execution
    executenb(
  File "C:\Users\planeacion\miniconda3\envs\ml_venv\lib\site-packages\nbclient\client.py", line 1305, in execute
    return NotebookClient(nb=nb, resources=resources, km=km, **kwargs).execute()
  File "C:\Users\planeacion\miniconda3\envs\ml_venv\lib\site-packages\jupyter_core\utils\__init__.py", line 166, in wrapped
    return loop.run_until_complete(inner)
  File "C:\Users\planeacion\miniconda3\envs\ml_venv\lib\asyncio\base_events.py", line 647, in run_until_complete
    return future.result()
  File "C:\Users\planeacion\miniconda3\envs\ml_venv\lib\site-packages\nbclient\client.py", line 705, in async_execute
    await self.async_execute_cell(
  File "C:\Users\planeacion\miniconda3\envs\ml_venv\lib\site-packages\nbclient\client.py", line 1058, in async_execute_cell
    await self._check_raise_for_error(cell, cell_index, exec_reply)
  File "C:\Users\planeacion\miniconda3\envs\ml_venv\lib\site-packages\nbclient\client.py", line 914, in _check_raise_for_error
    raise CellExecutionError.from_cell_and_msg(cell, exec_reply_content)
nbclient.exceptions.CellExecutionError: An error occurred while executing the following cell:
------------------
fig = go.Figure()

fig.add_trace(go.Scatter(
    x=df_5m.index,
    y=df_5m['BC'],
    mode='lines',
    name='Precio cierre Bid',
    line=dict(color='royalblue', width=1)
))

fig.update_layout(
    title='EUR/USD - Precio de Cierre Bid',
    xaxis_title='Fecha',
    yaxis_title='Precio',
    xaxis_rangeslider_visible=False
)

fig.show()
------------------


[1;31m---------------------------------------------------------------------------[0m
[1;31mAttributeError[0m                            Traceback (most recent call last)
Cell [1;32mIn[17], line 1[0m
[1;32m----> 1[0m fig [38;5;241m=[39m [43mgo[49m[38;5;241;43m.[39;49m[43mFigure[49m()
[0;32m      3[0m fig[38;5;241m.[39madd_trace(go[38;5;241m.[39mScatter(
[0;32m      4[0m     x[38;5;241m=[39mdf_5m[38;5;241m.[39mindex,
[0;32m      5[0m     y[38;5;241m=[39mdf_5m[[38;5;124m'[39m[38;5;124mBC[39m[38;5;124m'[39m],
[1;32m   (...)[0m
[0;32m      8[0m     line[38;5;241m=[39m[38;5;28mdict[39m(color[38;5;241m=[39m[38;5;124m'[39m[38;5;124mroyalblue[39m[38;5;124m'[39m, width[38;5;241m=[39m[38;5;241m1[39m)
[0;32m      9[0m ))
[0;32m     11[0m fig[38;5;241m.[39mupdate_layout(
[0;32m     12[0m     title[38;5;241m=[39m[38;5;124m'[39m[38;5;124mEUR/USD - Precio de Cierre Bid[39m[38;5;124m'[39m,
[0;32m     13[0m     xaxis_title[38;5;241m=[39m[38;5;124m'[39m[38;5;124mFecha[39m[38;5;124m'[39m,
[0;32m     14[0m     yaxis_title[38;5;241m=[39m[38;5;124m'[39m[38;5;124mPrecio[39m[38;5;124m'[39m,
[0;32m     15[0m     xaxis_rangeslider_visible[38;5;241m=[39m[38;5;28;01mFalse[39;00m
[0;32m     16[0m )

File [1;32m~\miniconda3\envs\ml_venv\lib\site-packages\_plotly_utils\importers.py:39[0m, in [0;36mrelative_import.<locals>.__getattr__[1;34m(import_name)[0m
[0;32m     36[0m     class_module [38;5;241m=[39m importlib[38;5;241m.[39mimport_module(rel_module, parent_name)
[0;32m     37[0m     [38;5;28;01mreturn[39;00m [38;5;28mgetattr[39m(class_module, class_name)
[1;32m---> 39[0m [38;5;28;01mraise[39;00m [38;5;167;01mAttributeError[39;00m(
[0;32m     40[0m     [38;5;124m"[39m[38;5;124mmodule [39m[38;5;132;01m{__name__!r}[39;00m[38;5;124m has no attribute [39m[38;5;132;01m{name!r}[39;00m[38;5;124m"[39m[38;5;241m.[39mformat(
[0;32m     41[0m         name[38;5;241m=[39mimport_name, [38;5;18m__name__[39m[38;5;241m=[39mparent_name
[0;32m     42[0m     )
[0;32m     43[0m )

[1;31mAttributeError[0m: module 'plotly.io' has no attribute 'Figure'

